// Jest Snapshot v1, https://goo.gl/fbAQLP

exports[`Given a Register component When it is rendered Then screen should match the snapshot 1`] = `
Array [
  <View
    style={
      Object {
        "alignItems": "center",
        "height": 150,
        "justifyContent": "center",
        "left": 20,
        "position": "absolute",
        "shadowColor": "#000",
        "shadowOffset": Object {
          "height": 2,
          "width": 0,
        },
        "shadowOpacity": 0.5,
        "shadowRadius": 4,
        "top": -85,
        "width": 150,
      }
    }
  >
    <Image
      source={
        Object {
          "uri": "una-url-de-una-imagen",
        }
      }
      style={
        Object {
          "borderRadius": 20,
          "height": "100%",
          "width": 150,
        }
      }
    />
  </View>,
  <View
    style={
      Object {
        "alignItems": "center",
        "backgroundColor": "#ffcc00",
        "borderRadius": 50,
        "height": 25,
        "justifyContent": "center",
        "position": "absolute",
        "right": 70,
        "top": 20,
        "width": 118,
      }
    }
  >
    <Text
      style={
        Object {
          "color": "#fff",
          "fontSize": 14,
        }
      }
    >
      TEST
    </Text>
  </View>,
  <View
    style={
      Object {
        "flexDirection": "row",
      }
    }
  >
    <View>
      <View>
        <Text
          style={
            Object {
              "color": "#444444",
              "fontSize": 18,
              "fontWeight": "bold",
              "marginBottom": 5,
              "marginTop": 55,
            }
          }
        >
          Snapshot Test
        </Text>
        <Text
          style={
            Object {
              "color": "#888888",
              "height": 70,
              "marginBottom": 15,
              "width": 235,
            }
          }
        >
          faadfefae
        </Text>
      </View>
    </View>
  </View>,
  <View>
    <View
      accessible={true}
      focusable={true}
      onClick={[Function]}
      onResponderGrant={[Function]}
      onResponderMove={[Function]}
      onResponderRelease={[Function]}
      onResponderTerminate={[Function]}
      onResponderTerminationRequest={[Function]}
      onStartShouldSetResponder={[Function]}
      style={
        Object {
          "backgroundColor": "#fff",
          "borderRadius": 90,
          "height": 70,
          "opacity": 1,
          "position": "absolute",
          "right": 0,
          "top": -120,
          "width": 70,
        }
      }
    >
      <Text />
    </View>
  </View>,
]
`;
